Archive member included to satisfy reference by file (symbol)

d:/program files/st/stm32cubeide_1.7.0/stm32cubeide/plugins/com.st.stm32cube.ide.mcu.externaltools.gnu-tools-for-stm32.9-2020-q2-update.win32_2.0.0.202105311346/tools/bin/../lib/gcc/arm-none-eabi/9.3.1/../../../../arm-none-eabi/lib/thumb/v7-m/nofp\libc_nano.a(lib_a-errno.o)
                              ./Core/Src/syscalls.o (__errno)
d:/program files/st/stm32cubeide_1.7.0/stm32cubeide/plugins/com.st.stm32cube.ide.mcu.externaltools.gnu-tools-for-stm32.9-2020-q2-update.win32_2.0.0.202105311346/tools/bin/../lib/gcc/arm-none-eabi/9.3.1/../../../../arm-none-eabi/lib/thumb/v7-m/nofp\libc_nano.a(lib_a-exit.o)
                              d:/program files/st/stm32cubeide_1.7.0/stm32cubeide/plugins/com.st.stm32cube.ide.mcu.externaltools.gnu-tools-for-stm32.9-2020-q2-update.win32_2.0.0.202105311346/tools/bin/../lib/gcc/arm-none-eabi/9.3.1/../../../../arm-none-eabi/lib/thumb/v7-m/nofp/crt0.o (exit)
d:/program files/st/stm32cubeide_1.7.0/stm32cubeide/plugins/com.st.stm32cube.ide.mcu.externaltools.gnu-tools-for-stm32.9-2020-q2-update.win32_2.0.0.202105311346/tools/bin/../lib/gcc/arm-none-eabi/9.3.1/../../../../arm-none-eabi/lib/thumb/v7-m/nofp\libc_nano.a(lib_a-impure.o)
                              d:/program files/st/stm32cubeide_1.7.0/stm32cubeide/plugins/com.st.stm32cube.ide.mcu.externaltools.gnu-tools-for-stm32.9-2020-q2-update.win32_2.0.0.202105311346/tools/bin/../lib/gcc/arm-none-eabi/9.3.1/../../../../arm-none-eabi/lib/thumb/v7-m/nofp\libc_nano.a(lib_a-exit.o) (_global_impure_ptr)
d:/program files/st/stm32cubeide_1.7.0/stm32cubeide/plugins/com.st.stm32cube.ide.mcu.externaltools.gnu-tools-for-stm32.9-2020-q2-update.win32_2.0.0.202105311346/tools/bin/../lib/gcc/arm-none-eabi/9.3.1/../../../../arm-none-eabi/lib/thumb/v7-m/nofp\libc_nano.a(lib_a-init.o)
                              d:/program files/st/stm32cubeide_1.7.0/stm32cubeide/plugins/com.st.stm32cube.ide.mcu.externaltools.gnu-tools-for-stm32.9-2020-q2-update.win32_2.0.0.202105311346/tools/bin/../lib/gcc/arm-none-eabi/9.3.1/../../../../arm-none-eabi/lib/thumb/v7-m/nofp/crt0.o (__libc_init_array)
d:/program files/st/stm32cubeide_1.7.0/stm32cubeide/plugins/com.st.stm32cube.ide.mcu.externaltools.gnu-tools-for-stm32.9-2020-q2-update.win32_2.0.0.202105311346/tools/bin/../lib/gcc/arm-none-eabi/9.3.1/../../../../arm-none-eabi/lib/thumb/v7-m/nofp\libc_nano.a(lib_a-memset.o)
                              d:/program files/st/stm32cubeide_1.7.0/stm32cubeide/plugins/com.st.stm32cube.ide.mcu.externaltools.gnu-tools-for-stm32.9-2020-q2-update.win32_2.0.0.202105311346/tools/bin/../lib/gcc/arm-none-eabi/9.3.1/../../../../arm-none-eabi/lib/thumb/v7-m/nofp/crt0.o (memset)
d:/program files/st/stm32cubeide_1.7.0/stm32cubeide/plugins/com.st.stm32cube.ide.mcu.externaltools.gnu-tools-for-stm32.9-2020-q2-update.win32_2.0.0.202105311346/tools/bin/../lib/gcc/arm-none-eabi/9.3.1/../../../../arm-none-eabi/lib/thumb/v7-m/nofp\libc_nano.a(lib_a-strlen.o)
                              ./Core/Src/uart.o (strlen)

Allocating common symbols
Common symbol       size              file

Frame               0x14              ./Core/Src/FSM.o
uwTick              0x4               ./Drivers/STM32F1xx_HAL_Driver/Src/stm32f1xx_hal.o
pFlash              0x20              ./Drivers/STM32F1xx_HAL_Driver/Src/stm32f1xx_hal_flash.o

Discarded input sections

 .text          0x0000000000000000        0x0 d:/program files/st/stm32cubeide_1.7.0/stm32cubeide/plugins/com.st.stm32cube.ide.mcu.externaltools.gnu-tools-for-stm32.9-2020-q2-update.win32_2.0.0.202105311346/tools/bin/../lib/gcc/arm-none-eabi/9.3.1/thumb/v7-m/nofp/crti.o
 .data          0x0000000000000000        0x0 d:/program files/st/stm32cubeide_1.7.0/stm32cubeide/plugins/com.st.stm32cube.ide.mcu.externaltools.gnu-tools-for-stm32.9-2020-q2-update.win32_2.0.0.202105311346/tools/bin/../lib/gcc/arm-none-eabi/9.3.1/thumb/v7-m/nofp/crti.o
 .bss           0x0000000000000000        0x0 d:/program files/st/stm32cubeide_1.7.0/stm32cubeide/plugins/com.st.stm32cube.ide.mcu.externaltools.gnu-tools-for-stm32.9-2020-q2-update.win32_2.0.0.202105311346/tools/bin/../lib/gcc/arm-none-eabi/9.3.1/thumb/v7-m/nofp/crti.o
 .data          0x0000000000000000        0x4 d:/program files/st/stm32cubeide_1.7.0/stm32cubeide/plugins/com.st.stm32cube.ide.mcu.externaltools.gnu-tools-for-stm32.9-2020-q2-update.win32_2.0.0.202105311346/tools/bin/../lib/gcc/arm-none-eabi/9.3.1/thumb/v7-m/nofp/crtbegin.o
 .text          0x0000000000000000       0x7c d:/program files/st/stm32cubeide_1.7.0/stm32cubeide/plugins/com.st.stm32cube.ide.mcu.externaltools.gnu-tools-for-stm32.9-2020-q2-update.win32_2.0.0.202105311346/tools/bin/../lib/gcc/arm-none-eabi/9.3.1/../../../../arm-none-eabi/lib/thumb/v7-m/nofp/crt0.o
[...]
Memory Configuration

Name             Origin             Length             Attributes
RAM              0x0000000020000000 0x0000000000005000 xrw
FLASH            0x0000000008000000 0x0000000000010000 xr
*default*        0x0000000000000000 0xffffffffffffffff

Linker script and memory map

LOAD d:/program files/st/stm32cubeide_1.7.0/stm32cubeide/plugins/com.st.stm32cube.ide.mcu.externaltools.gnu-tools-for-stm32.9-2020-q2-update.win32_2.0.0.202105311346/tools/bin/../lib/gcc/arm-none-eabi/9.3.1/thumb/v7-m/nofp/crti.o
LOAD d:/program files/st/stm32cubeide_1.7.0/stm32cubeide/plugins/com.st.stm32cube.ide.mcu.externaltools.gnu-tools-for-stm32.9-2020-q2-update.win32_2.0.0.202105311346/tools/bin/../lib/gcc/arm-none-eabi/9.3.1/thumb/v7-m/nofp/crtbegin.o
LOAD d:/program files/st/stm32cubeide_1.7.0/stm32cubeide/plugins/com.st.stm32cube.ide.mcu.externaltools.gnu-tools-for-stm32.9-2020-q2-update.win32_2.0.0.202105311346/tools/bin/../lib/gcc/arm-none-eabi/9.3.1/../../../../arm-none-eabi/lib/thumb/v7-m/nofp/crt0.o
LOAD ./Core/Src/FSM.o
LOAD ./Core/Src/clock.o
LOAD ./Core/Src/main.o
LOAD ./Core/Src/stm32f1xx_hal_msp.o
LOAD ./Core/Src/stm32f1xx_it.o
LOAD ./Core/Src/syscalls.o
LOAD ./Core/Src/sysmem.o
LOAD ./Core/Src/system_stm32f1xx.o
LOAD ./Core/Src/timer.o
LOAD ./Core/Src/uart.o
LOAD ./Core/Startup/startup_stm32f103c8tx.o
LOAD ./Drivers/STM32F1xx_HAL_Driver/Src/stm32f1xx_hal.o
LOAD ./Drivers/STM32F1xx_HAL_Driver/Src/stm32f1xx_hal_cortex.o
LOAD ./Drivers/STM32F1xx_HAL_Driver/Src/stm32f1xx_hal_dma.o
LOAD ./Drivers/STM32F1xx_HAL_Driver/Src/stm32f1xx_hal_exti.o
LOAD ./Drivers/STM32F1xx_HAL_Driver/Src/stm32f1xx_hal_flash.o
LOAD ./Drivers/STM32F1xx_HAL_Driver/Src/stm32f1xx_hal_flash_ex.o
LOAD ./Drivers/STM32F1xx_HAL_Driver/Src/stm32f1xx_hal_gpio.o
LOAD ./Drivers/STM32F1xx_HAL_Driver/Src/stm32f1xx_hal_gpio_ex.o
LOAD ./Drivers/STM32F1xx_HAL_Driver/Src/stm32f1xx_hal_pwr.o
LOAD ./Drivers/STM32F1xx_HAL_Driver/Src/stm32f1xx_hal_rcc.o
LOAD ./Drivers/STM32F1xx_HAL_Driver/Src/stm32f1xx_hal_rcc_ex.o
LOAD ./Drivers/STM32F1xx_HAL_Driver/Src/stm32f1xx_hal_tim.o
LOAD ./Drivers/STM32F1xx_HAL_Driver/Src/stm32f1xx_hal_tim_ex.o
START GROUP
LOAD d:/program files/st/stm32cubeide_1.7.0/stm32cubeide/plugins/com.st.stm32cube.ide.mcu.externaltools.gnu-tools-for-stm32.9-2020-q2-update.win32_2.0.0.202105311346/tools/bin/../lib/gcc/arm-none-eabi/9.3.1/../../../../arm-none-eabi/lib/thumb/v7-m/nofp\libc_nano.a
LOAD d:/program files/st/stm32cubeide_1.7.0/stm32cubeide/plugins/com.st.stm32cube.ide.mcu.externaltools.gnu-tools-for-stm32.9-2020-q2-update.win32_2.0.0.202105311346/tools/bin/../lib/gcc/arm-none-eabi/9.3.1/../../../../arm-none-eabi/lib/thumb/v7-m/nofp\libm.a
END GROUP
START GROUP
LOAD d:/program files/st/stm32cubeide_1.7.0/stm32cubeide/plugins/com.st.stm32cube.ide.mcu.externaltools.gnu-tools-for-stm32.9-2020-q2-update.win32_2.0.0.202105311346/tools/bin/../lib/gcc/arm-none-eabi/9.3.1/thumb/v7-m/nofp\libgcc.a
LOAD d:/program files/st/stm32cubeide_1.7.0/stm32cubeide/plugins/com.st.stm32cube.ide.mcu.externaltools.gnu-tools-for-stm32.9-2020-q2-update.win32_2.0.0.202105311346/tools/bin/../lib/gcc/arm-none-eabi/9.3.1/../../../../arm-none-eabi/lib/thumb/v7-m/nofp\libc_nano.a
END GROUP
START GROUP
LOAD d:/program files/st/stm32cubeide_1.7.0/stm32cubeide/plugins/com.st.stm32cube.ide.mcu.externaltools.gnu-tools-for-stm32.9-2020-q2-update.win32_2.0.0.202105311346/tools/bin/../lib/gcc/arm-none-eabi/9.3.1/thumb/v7-m/nofp\libgcc.a
LOAD d:/program files/st/stm32cubeide_1.7.0/stm32cubeide/plugins/com.st.stm32cube.ide.mcu.externaltools.gnu-tools-for-stm32.9-2020-q2-update.win32_2.0.0.202105311346/tools/bin/../lib/gcc/arm-none-eabi/9.3.1/../../../../arm-none-eabi/lib/thumb/v7-m/nofp\libc_nano.a
LOAD d:/program files/st/stm32cubeide_1.7.0/stm32cubeide/plugins/com.st.stm32cube.ide.mcu.externaltools.gnu-tools-for-stm32.9-2020-q2-update.win32_2.0.0.202105311346/tools/bin/../lib/gcc/arm-none-eabi/9.3.1/../../../../arm-none-eabi/lib/thumb/v7-m/nofp\libnosys.a
END GROUP
START GROUP
LOAD d:/program files/st/stm32cubeide_1.7.0/stm32cubeide/plugins/com.st.stm32cube.ide.mcu.externaltools.gnu-tools-for-stm32.9-2020-q2-update.win32_2.0.0.202105311346/tools/bin/../lib/gcc/arm-none-eabi/9.3.1/thumb/v7-m/nofp\libgcc.a
LOAD d:/program files/st/stm32cubeide_1.7.0/stm32cubeide/plugins/com.st.stm32cube.ide.mcu.externaltools.gnu-tools-for-stm32.9-2020-q2-update.win32_2.0.0.202105311346/tools/bin/../lib/gcc/arm-none-eabi/9.3.1/../../../../arm-none-eabi/lib/thumb/v7-m/nofp\libc_nano.a
LOAD d:/program files/st/stm32cubeide_1.7.0/stm32cubeide/plugins/com.st.stm32cube.ide.mcu.externaltools.gnu-tools-for-stm32.9-2020-q2-update.win32_2.0.0.202105311346/tools/bin/../lib/gcc/arm-none-eabi/9.3.1/../../../../arm-none-eabi/lib/thumb/v7-m/nofp\libnosys.a
END GROUP
LOAD d:/program files/st/stm32cubeide_1.7.0/stm32cubeide/plugins/com.st.stm32cube.ide.mcu.externaltools.gnu-tools-for-stm32.9-2020-q2-update.win32_2.0.0.202105311346/tools/bin/../lib/gcc/arm-none-eabi/9.3.1/thumb/v7-m/nofp/crtend.o
LOAD d:/program files/st/stm32cubeide_1.7.0/stm32cubeide/plugins/com.st.stm32cube.ide.mcu.externaltools.gnu-tools-for-stm32.9-2020-q2-update.win32_2.0.0.202105311346/tools/bin/../lib/gcc/arm-none-eabi/9.3.1/thumb/v7-m/nofp/crtn.o
                0x0000000020005000                _estack = (ORIGIN (RAM) + LENGTH (RAM))
                0x0000000000000200                _Min_Heap_Size = 0x200
                0x0000000000000400                _Min_Stack_Size = 0x400

.isr_vector     0x0000000008000000      0x10c
                0x0000000008000000                . = ALIGN (0x4)
 *(.isr_vector)
 .isr_vector    0x0000000008000000      0x10c ./Core/Startup/startup_stm32f103c8tx.o
                0x0000000008000000                g_pfnVectors
                0x000000000800010c                . = ALIGN (0x4)

.text           0x000000000800010c      0x4e4
                0x000000000800010c                . = ALIGN (0x4)
 *(.text)
 .text          0x000000000800010c       0x40 d:/program files/st/stm32cubeide_1.7.0/stm32cubeide/plugins/com.st.stm32cube.ide.mcu.externaltools.gnu-tools-for-stm32.9-2020-q2-update.win32_2.0.0.202105311346/tools/bin/../lib/gcc/arm-none-eabi/9.3.1/thumb/v7-m/nofp/crtbegin.o
 *(.text*)
 .text.clock_init
                0x000000000800014c       0xd4 ./Core/Src/clock.o
                0x000000000800014c                clock_init
 .text.main     0x0000000008000220       0x4c ./Core/Src/main.o
                0x0000000008000220                main
 .text.NMI_Handler
                0x000000000800026c        0x6 ./Core/Src/stm32f1xx_it.o
                0x000000000800026c                NMI_Handler
 .text.HardFault_Handler
                0x0000000008000272        0x6 ./Core/Src/stm32f1xx_it.o
                0x0000000008000272                HardFault_Handler
 .text.MemManage_Handler
                0x0000000008000278        0x6 ./Core/Src/stm32f1xx_it.o
                0x0000000008000278                MemManage_Handler
 .text.BusFault_Handler
                0x000000000800027e        0x6 ./Core/Src/stm32f1xx_it.o
                0x000000000800027e                BusFault_Handler
 .text.UsageFault_Handler
                0x0000000008000284        0x6 ./Core/Src/stm32f1xx_it.o
                0x0000000008000284                UsageFault_Handler
 .text.SVC_Handler
                0x000000000800028a        0xc ./Core/Src/stm32f1xx_it.o
                0x000000000800028a                SVC_Handler
 .text.DebugMon_Handler
                0x0000000008000296        0xc ./Core/Src/stm32f1xx_it.o
                0x0000000008000296                DebugMon_Handler
 .text.PendSV_Handler
                0x00000000080002a2        0xc ./Core/Src/stm32f1xx_it.o
                0x00000000080002a2                PendSV_Handler
 .text.SysTick_Handler
                0x00000000080002ae        0xc ./Core/Src/stm32f1xx_it.o
                0x00000000080002ae                SysTick_Handler
 .text.SystemInit
                0x00000000080002ba        0xc ./Core/Src/system_stm32f1xx.o
                0x00000000080002ba                SystemInit
 *fill*         0x00000000080002c6        0x2 
 .text.timer_init
                0x00000000080002c8       0x84 ./Core/Src/timer.o
                0x00000000080002c8                timer_init
 .text.TIM1_UP_IRQHandler
                0x000000000800034c       0x34 ./Core/Src/timer.o
                0x000000000800034c                TIM1_UP_IRQHandler
 .text.set_timer
                0x0000000008000380       0x30 ./Core/Src/timer.o
                0x0000000008000380                set_timer
 .text.UART_init
                0x00000000080003b0       0xb0 ./Core/Src/uart.o
                0x00000000080003b0                UART_init
 .text.UART_Send_1byte_Data
                0x0000000008000460       0x58 ./Core/Src/uart.o
                0x0000000008000460                UART_Send_1byte_Data
 .text.UART_SendFrame
                0x00000000080004b8       0x68 ./Core/Src/uart.o
                0x00000000080004b8                UART_SendFrame
 .text.Reset_Handler
                0x0000000008000520       0x48 ./Core/Startup/startup_stm32f103c8tx.o
                0x0000000008000520                Reset_Handler
 .text.Default_Handler
                0x0000000008000568        0x2 ./Core/Startup/startup_stm32f103c8tx.o
                0x0000000008000568                RTC_Alarm_IRQHandler
                0x0000000008000568                EXTI2_IRQHandler
                0x0000000008000568                TIM1_CC_IRQHandler
                0x0000000008000568                PVD_IRQHandler
                0x0000000008000568                EXTI3_IRQHandler
                0x0000000008000568                EXTI0_IRQHandler
                0x0000000008000568                I2C2_EV_IRQHandler
                0x0000000008000568                ADC1_2_IRQHandler
                0x0000000008000568                SPI1_IRQHandler
                0x0000000008000568                TAMPER_IRQHandler
                0x0000000008000568                DMA1_Channel4_IRQHandler
                0x0000000008000568                USART3_IRQHandler
                0x0000000008000568                RTC_IRQHandler
                0x0000000008000568                DMA1_Channel7_IRQHandler
                0x0000000008000568                CAN1_RX1_IRQHandler
                0x0000000008000568                TIM4_IRQHandler
                0x0000000008000568                I2C1_EV_IRQHandler
                0x0000000008000568                DMA1_Channel6_IRQHandler
                0x0000000008000568                TIM3_IRQHandler
                0x0000000008000568                RCC_IRQHandler
                0x0000000008000568                TIM1_TRG_COM_IRQHandler
                0x0000000008000568                DMA1_Channel1_IRQHandler
                0x0000000008000568                Default_Handler
                0x0000000008000568                EXTI15_10_IRQHandler
                0x0000000008000568                EXTI9_5_IRQHandler
                0x0000000008000568                SPI2_IRQHandler
                0x0000000008000568                DMA1_Channel5_IRQHandler
                0x0000000008000568                EXTI4_IRQHandler
                0x0000000008000568                USB_LP_CAN1_RX0_IRQHandler
                0x0000000008000568                USB_HP_CAN1_TX_IRQHandler
                0x0000000008000568                DMA1_Channel3_IRQHandler
                0x0000000008000568                WWDG_IRQHandler
                0x0000000008000568                TIM2_IRQHandler
                0x0000000008000568                TIM1_BRK_IRQHandler
                0x0000000008000568                EXTI1_IRQHandler
                0x0000000008000568                USART2_IRQHandler
                0x0000000008000568                I2C2_ER_IRQHandler
                0x0000000008000568                DMA1_Channel2_IRQHandler
                0x0000000008000568                CAN1_SCE_IRQHandler
                0x0000000008000568                FLASH_IRQHandler
                0x0000000008000568                USART1_IRQHandler
                0x0000000008000568                I2C1_ER_IRQHandler
                0x0000000008000568                USBWakeUp_IRQHandler
 *fill*         0x000000000800056a        0x2 
 .text.HAL_IncTick
                0x000000000800056c       0x24 ./Drivers/STM32F1xx_HAL_Driver/Src/stm32f1xx_hal.o
                0x000000000800056c                HAL_IncTick
 .text.__libc_init_array
                0x0000000008000590       0x48 d:/program files/st/stm32cubeide_1.7.0/stm32cubeide/plugins/com.st.stm32cube.ide.mcu.externaltools.gnu-tools-for-stm32.9-2020-q2-update.win32_2.0.0.202105311346/tools/bin/../lib/gcc/arm-none-eabi/9.3.1/../../../../arm-none-eabi/lib/thumb/v7-m/nofp\libc_nano.a(lib_a-init.o)
                0x0000000008000590                __libc_init_array
 *(.glue_7)
 .glue_7        0x00000000080005d8        0x0 linker stubs
 *(.glue_7t)
 .glue_7t       0x00000000080005d8        0x0 linker stubs
 *(.eh_frame)
 .eh_frame      0x00000000080005d8        0x0 d:/program files/st/stm32cubeide_1.7.0/stm32cubeide/plugins/com.st.stm32cube.ide.mcu.externaltools.gnu-tools-for-stm32.9-2020-q2-update.win32_2.0.0.202105311346/tools/bin/../lib/gcc/arm-none-eabi/9.3.1/thumb/v7-m/nofp/crtbegin.o
 *(.init)
 .init          0x00000000080005d8        0x4 d:/program files/st/stm32cubeide_1.7.0/stm32cubeide/plugins/com.st.stm32cube.ide.mcu.externaltools.gnu-tools-for-stm32.9-2020-q2-update.win32_2.0.0.202105311346/tools/bin/../lib/gcc/arm-none-eabi/9.3.1/thumb/v7-m/nofp/crti.o
                0x00000000080005d8                _init
 .init          0x00000000080005dc        0x8 d:/program files/st/stm32cubeide_1.7.0/stm32cubeide/plugins/com.st.stm32cube.ide.mcu.externaltools.gnu-tools-for-stm32.9-2020-q2-update.win32_2.0.0.202105311346/tools/bin/../lib/gcc/arm-none-eabi/9.3.1/thumb/v7-m/nofp/crtn.o
 *(.fini)
 .fini          0x00000000080005e4        0x4 d:/program files/st/stm32cubeide_1.7.0/stm32cubeide/plugins/com.st.stm32cube.ide.mcu.externaltools.gnu-tools-for-stm32.9-2020-q2-update.win32_2.0.0.202105311346/tools/bin/../lib/gcc/arm-none-eabi/9.3.1/thumb/v7-m/nofp/crti.o
                0x00000000080005e4                _fini
 .fini          0x00000000080005e8        0x8 d:/program files/st/stm32cubeide_1.7.0/stm32cubeide/plugins/com.st.stm32cube.ide.mcu.externaltools.gnu-tools-for-stm32.9-2020-q2-update.win32_2.0.0.202105311346/tools/bin/../lib/gcc/arm-none-eabi/9.3.1/thumb/v7-m/nofp/crtn.o
                0x00000000080005f0                . = ALIGN (0x4)
                0x00000000080005f0                _etext = .

.vfp11_veneer   0x00000000080005f0        0x0
 .vfp11_veneer  0x00000000080005f0        0x0 linker stubs

.v4_bx          0x00000000080005f0        0x0
 .v4_bx         0x00000000080005f0        0x0 linker stubs

.iplt           0x00000000080005f0        0x0
 .iplt          0x00000000080005f0        0x0 d:/program files/st/stm32cubeide_1.7.0/stm32cubeide/plugins/com.st.stm32cube.ide.mcu.externaltools.gnu-tools-for-stm32.9-2020-q2-update.win32_2.0.0.202105311346/tools/bin/../lib/gcc/arm-none-eabi/9.3.1/thumb/v7-m/nofp/crtbegin.o

.rel.dyn        0x00000000080005f0        0x0
 .rel.iplt      0x00000000080005f0        0x0 d:/program files/st/stm32cubeide_1.7.0/stm32cubeide/plugins/com.st.stm32cube.ide.mcu.externaltools.gnu-tools-for-stm32.9-2020-q2-update.win32_2.0.0.202105311346/tools/bin/../lib/gcc/arm-none-eabi/9.3.1/thumb/v7-m/nofp/crtbegin.o

.rodata         0x00000000080005f0        0x0
                0x00000000080005f0                . = ALIGN (0x4)
 *(.rodata)
 *(.rodata*)
                0x00000000080005f0                . = ALIGN (0x4)

.ARM.extab      0x00000000080005f0        0x0
                0x00000000080005f0                . = ALIGN (0x4)
 *(.ARM.extab* .gnu.linkonce.armextab.*)
                0x00000000080005f0                . = ALIGN (0x4)

.ARM            0x00000000080005f0        0x0
                0x00000000080005f0                . = ALIGN (0x4)
                0x00000000080005f0                __exidx_start = .
 *(.ARM.exidx*)
                0x00000000080005f0                __exidx_end = .
                0x00000000080005f0                . = ALIGN (0x4)

.preinit_array  0x00000000080005f0        0x0
                0x00000000080005f0                . = ALIGN (0x4)
                0x00000000080005f0                PROVIDE (__preinit_array_start = .)
 *(.preinit_array*)
                0x00000000080005f0                PROVIDE (__preinit_array_end = .)
                0x00000000080005f0                . = ALIGN (0x4)

.init_array     0x00000000080005f0        0x4
                0x00000000080005f0                . = ALIGN (0x4)
                0x00000000080005f0                PROVIDE (__init_array_start = .)
 *(SORT_BY_NAME(.init_array.*))
 *(.init_array*)
 .init_array    0x00000000080005f0        0x4 d:/program files/st/stm32cubeide_1.7.0/stm32cubeide/plugins/com.st.stm32cube.ide.mcu.externaltools.gnu-tools-for-stm32.9-2020-q2-update.win32_2.0.0.202105311346/tools/bin/../lib/gcc/arm-none-eabi/9.3.1/thumb/v7-m/nofp/crtbegin.o
                0x00000000080005f4                PROVIDE (__init_array_end = .)
                0x00000000080005f4                . = ALIGN (0x4)

.fini_array     0x00000000080005f4        0x4
                0x00000000080005f4                . = ALIGN (0x4)
                [!provide]                        PROVIDE (__fini_array_start = .)
 *(SORT_BY_NAME(.fini_array.*))
 *(.fini_array*)
 .fini_array    0x00000000080005f4        0x4 d:/program files/st/stm32cubeide_1.7.0/stm32cubeide/plugins/com.st.stm32cube.ide.mcu.externaltools.gnu-tools-for-stm32.9-2020-q2-update.win32_2.0.0.202105311346/tools/bin/../lib/gcc/arm-none-eabi/9.3.1/thumb/v7-m/nofp/crtbegin.o
                [!provide]                        PROVIDE (__fini_array_end = .)
                0x00000000080005f8                . = ALIGN (0x4)
                0x00000000080005f8                _sidata = LOADADDR (.data)

.data           0x0000000020000000        0x4 load address 0x00000000080005f8
                0x0000000020000000                . = ALIGN (0x4)
                0x0000000020000000                _sdata = .
 *(.data)
 *(.data*)
 .data.uwTickFreq
                0x0000000020000000        0x1 ./Drivers/STM32F1xx_HAL_Driver/Src/stm32f1xx_hal.o
                0x0000000020000000                uwTickFreq
 *(.RamFunc)
 *(.RamFunc*)
                0x0000000020000004                . = ALIGN (0x4)
 *fill*         0x0000000020000001        0x3 
                0x0000000020000004                _edata = .

.igot.plt       0x0000000020000004        0x0 load address 0x00000000080005fc
 .igot.plt      0x0000000020000004        0x0 d:/program files/st/stm32cubeide_1.7.0/stm32cubeide/plugins/com.st.stm32cube.ide.mcu.externaltools.gnu-tools-for-stm32.9-2020-q2-update.win32_2.0.0.202105311346/tools/bin/../lib/gcc/arm-none-eabi/9.3.1/thumb/v7-m/nofp/crtbegin.o
                0x0000000020000004                . = ALIGN (0x4)

.bss            0x0000000020000004       0x24 load address 0x00000000080005fc
                0x0000000020000004                _sbss = .
                0x0000000020000004                __bss_start__ = _sbss
 *(.bss)
 .bss           0x0000000020000004       0x1c d:/program files/st/stm32cubeide_1.7.0/stm32cubeide/plugins/com.st.stm32cube.ide.mcu.externaltools.gnu-tools-for-stm32.9-2020-q2-update.win32_2.0.0.202105311346/tools/bin/../lib/gcc/arm-none-eabi/9.3.1/thumb/v7-m/nofp/crtbegin.o
 *(.bss*)
 .bss.cnt       0x0000000020000020        0x4 ./Core/Src/timer.o
                0x0000000020000020                cnt
 *(COMMON)
 COMMON         0x0000000020000024        0x4 ./Drivers/STM32F1xx_HAL_Driver/Src/stm32f1xx_hal.o
                0x0000000020000024                uwTick
                0x0000000020000028                . = ALIGN (0x4)
                0x0000000020000028                _ebss = .
                0x0000000020000028                __bss_end__ = _ebss

._user_heap_stack
                0x0000000020000028      0x600 load address 0x00000000080005fc
                0x0000000020000028                . = ALIGN (0x8)
                [!provide]                        PROVIDE (end = .)
                0x0000000020000028                PROVIDE (_end = .)
                0x0000000020000228                . = (. + _Min_Heap_Size)
 *fill*         0x0000000020000028      0x200 
                0x0000000020000628                . = (. + _Min_Stack_Size)
 *fill*         0x0000000020000228      0x400 
                0x0000000020000628                . = ALIGN (0x8)

/DISCARD/
 libc.a(*)
 libm.a(*)
 libgcc.a(*)

.ARM.attributes
                0x0000000000000000       0x29
 *(.ARM.attributes)
 .ARM.attributes
                0x0000000000000000       0x1d d:/program files/st/stm32cubeide_1.7.0/stm32cubeide/plugins/com.st.stm32cube.ide.mcu.externaltools.gnu-tools-for-stm32.9-2020-q2-update.win32_2.0.0.202105311346/tools/bin/../lib/gcc/arm-none-eabi/9.3.1/thumb/v7-m/nofp/crti.o
 .ARM.attributes
                0x000000000000001d       0x2d d:/program files/st/stm32cubeide_1.7.0/stm32cubeide/plugins/com.st.stm32cube.ide.mcu.externaltools.gnu-tools-for-stm32.9-2020-q2-update.win32_2.0.0.202105311346/tools/bin/../lib/gcc/arm-none-eabi/9.3.1/thumb/v7-m/nofp/crtbegin.o
 .ARM.attributes
                0x000000000000004a       0x2d ./Core/Src/clock.o
 .ARM.attributes
                0x0000000000000077       0x2d ./Core/Src/main.o
 .ARM.attributes
                0x00000000000000a4       0x2d ./Core/Src/stm32f1xx_it.o
 .ARM.attributes
                0x00000000000000d1       0x2d ./Core/Src/system_stm32f1xx.o
 .ARM.attributes
                0x00000000000000fe       0x2d ./Core/Src/timer.o
 .ARM.attributes
                0x000000000000012b       0x2d ./Core/Src/uart.o
 .ARM.attributes
                0x0000000000000158       0x21 ./Core/Startup/startup_stm32f103c8tx.o
 .ARM.attributes
                0x0000000000000179       0x2d ./Drivers/STM32F1xx_HAL_Driver/Src/stm32f1xx_hal.o
 .ARM.attributes
                0x00000000000001a6       0x2d d:/program files/st/stm32cubeide_1.7.0/stm32cubeide/plugins/com.st.stm32cube.ide.mcu.externaltools.gnu-tools-for-stm32.9-2020-q2-update.win32_2.0.0.202105311346/tools/bin/../lib/gcc/arm-none-eabi/9.3.1/../../../../arm-none-eabi/lib/thumb/v7-m/nofp\libc_nano.a(lib_a-init.o)
 .ARM.attributes
                0x00000000000001d3       0x1d d:/program files/st/stm32cubeide_1.7.0/stm32cubeide/plugins/com.st.stm32cube.ide.mcu.externaltools.gnu-tools-for-stm32.9-2020-q2-update.win32_2.0.0.202105311346/tools/bin/../lib/gcc/arm-none-eabi/9.3.1/thumb/v7-m/nofp/crtn.o
OUTPUT(UartCustomFrame.elf elf32-littlearm)
LOAD linker stubs
LOAD d:/program files/st/stm32cubeide_1.7.0/stm32cubeide/plugins/com.st.stm32cube.ide.mcu.externaltools.gnu-tools-for-stm32.9-2020-q2-update.win32_2.0.0.202105311346/tools/bin/../lib/gcc/arm-none-eabi/9.3.1/../../../../arm-none-eabi/lib/thumb/v7-m/nofp\libc.a
LOAD d:/program files/st/stm32cubeide_1.7.0/stm32cubeide/plugins/com.st.stm32cube.ide.mcu.externaltools.gnu-tools-for-stm32.9-2020-q2-update.win32_2.0.0.202105311346/tools/bin/../lib/gcc/arm-none-eabi/9.3.1/../../../../arm-none-eabi/lib/thumb/v7-m/nofp\libm.a
LOAD d:/program files/st/stm32cubeide_1.7.0/stm32cubeide/plugins/com.st.stm32cube.ide.mcu.externaltools.gnu-tools-for-stm32.9-2020-q2-update.win32_2.0.0.202105311346/tools/bin/../lib/gcc/arm-none-eabi/9.3.1/thumb/v7-m/nofp\libgcc.a

.debug_info     0x0000000000000000     0x1bea
 .debug_info    0x0000000000000000       0xd2 ./Core/Src/clock.o
 .debug_info    0x00000000000000d2      0x209 ./Core/Src/main.o
 .debug_info    0x00000000000002db      0x222 ./Core/Src/stm32f1xx_it.o
 .debug_info    0x00000000000004fd      0x2be ./Core/Src/system_stm32f1xx.o
 .debug_info    0x00000000000007bb      0x18e ./Core/Src/timer.o
 .debug_info    0x0000000000000949      0xb15 ./Core/Src/uart.o
 .debug_info    0x000000000000145e       0x22 ./Core/Startup/startup_stm32f103c8tx.o
 .debug_info    0x0000000000001480      0x76a ./Drivers/STM32F1xx_HAL_Driver/Src/stm32f1xx_hal.o

.debug_abbrev   0x0000000000000000      0x85f
 .debug_abbrev  0x0000000000000000       0x70 ./Core/Src/clock.o
 .debug_abbrev  0x0000000000000070       0xd0 ./Core/Src/main.o
 .debug_abbrev  0x0000000000000140       0xd2 ./Core/Src/stm32f1xx_it.o
 .debug_abbrev  0x0000000000000212      0x14e ./Core/Src/system_stm32f1xx.o
 .debug_abbrev  0x0000000000000360       0xc8 ./Core/Src/timer.o
 .debug_abbrev  0x0000000000000428      0x238 ./Core/Src/uart.o
 .debug_abbrev  0x0000000000000660       0x12 ./Core/Startup/startup_stm32f103c8tx.o
 .debug_abbrev  0x0000000000000672      0x1ed ./Drivers/STM32F1xx_HAL_Driver/Src/stm32f1xx_hal.o

.debug_aranges  0x0000000000000000      0x240
 .debug_aranges
                0x0000000000000000       0x20 ./Core/Src/clock.o
 .debug_aranges
                0x0000000000000020       0x20 ./Core/Src/main.o
 .debug_aranges
                0x0000000000000040       0x60 ./Core/Src/stm32f1xx_it.o
 .debug_aranges
                0x00000000000000a0       0x28 ./Core/Src/system_stm32f1xx.o
 .debug_aranges
                0x00000000000000c8       0x30 ./Core/Src/timer.o
 .debug_aranges
                0x00000000000000f8       0x40 ./Core/Src/uart.o
 .debug_aranges
                0x0000000000000138       0x28 ./Core/Startup/startup_stm32f103c8tx.o
 .debug_aranges
                0x0000000000000160       0xe0 ./Drivers/STM32F1xx_HAL_Driver/Src/stm32f1xx_hal.o

.debug_ranges   0x0000000000000000      0x1c8
 .debug_ranges  0x0000000000000000       0x10 ./Core/Src/clock.o
 .debug_ranges  0x0000000000000010       0x10 ./Core/Src/main.o
 .debug_ranges  0x0000000000000020       0x50 ./Core/Src/stm32f1xx_it.o
 .debug_ranges  0x0000000000000070       0x18 ./Core/Src/system_stm32f1xx.o
 .debug_ranges  0x0000000000000088       0x20 ./Core/Src/timer.o
 .debug_ranges  0x00000000000000a8       0x30 ./Core/Src/uart.o
 .debug_ranges  0x00000000000000d8       0x20 ./Core/Startup/startup_stm32f103c8tx.o
 .debug_ranges  0x00000000000000f8       0xd0 ./Drivers/STM32F1xx_HAL_Driver/Src/stm32f1xx_hal.o

.debug_macro    0x0000000000000000      0x763
 .debug_macro   0x0000000000000000       0x6d ./Core/Src/clock.o
 .debug_macro   0x000000000000006d       0x8b ./Core/Src/main.o
 .debug_macro   0x00000000000000f8      0x198 ./Core/Src/stm32f1xx_it.o
 .debug_macro   0x0000000000000290      0x184 ./Core/Src/system_stm32f1xx.o
 .debug_macro   0x0000000000000414       0x6d ./Core/Src/timer.o
 .debug_macro   0x0000000000000481      0x13a ./Core/Src/uart.o
 .debug_macro   0x00000000000005bb      0x1a8 ./Drivers/STM32F1xx_HAL_Driver/Src/stm32f1xx_hal.o

.debug_line     0x0000000000000000     0x2cf2
 .debug_line    0x0000000000000000      0x479 ./Core/Src/clock.o
 .debug_line    0x0000000000000479      0x45a ./Core/Src/main.o
 .debug_line    0x00000000000008d3      0x75d ./Core/Src/stm32f1xx_it.o
 .debug_line    0x0000000000001030      0x719 ./Core/Src/system_stm32f1xx.o
 .debug_line    0x0000000000001749      0x460 ./Core/Src/timer.o
 .debug_line    0x0000000000001ba9      0x77d ./Core/Src/uart.o
 .debug_line    0x0000000000002326       0x86 ./Core/Startup/startup_stm32f103c8tx.o
 .debug_line    0x00000000000023ac      0x946 ./Drivers/STM32F1xx_HAL_Driver/Src/stm32f1xx_hal.o

.debug_str      0x0000000000000000    0x7e4a6
 .debug_str     0x0000000000000000     0x3b5d ./Core/Src/clock.o
                                       0x3cc6 (size before relaxing)
 .debug_str     0x0000000000003b5d       0xd7 ./Core/Src/main.o
                                       0x3d75 (size before relaxing)
 .debug_str     0x0000000000003c34    0x76f85 ./Core/Src/stm32f1xx_it.o
                                      0x7ade3 (size before relaxing)
 .debug_str     0x000000000007abb9       0x7d ./Core/Src/system_stm32f1xx.o
                                      0x7adb3 (size before relaxing)
 .debug_str     0x000000000007ac36       0x4c ./Core/Src/timer.o
                                       0x3d04 (size before relaxing)
 .debug_str     0x000000000007ac82     0x3254 ./Core/Src/uart.o
                                       0x72b5 (size before relaxing)
 .debug_str     0x000000000007ded6       0x36 ./Core/Startup/startup_stm32f103c8tx.o
                                         0x65 (size before relaxing)
 .debug_str     0x000000000007df0c      0x59a ./Drivers/STM32F1xx_HAL_Driver/Src/stm32f1xx_hal.o
                                      0x7b444 (size before relaxing)

.comment        0x0000000000000000       0x53
 .comment       0x0000000000000000       0x53 ./Core/Src/clock.o
                                         0x54 (size before relaxing)
 .comment       0x0000000000000053       0x54 ./Core/Src/main.o
 .comment       0x0000000000000053       0x54 ./Core/Src/stm32f1xx_it.o
 .comment       0x0000000000000053       0x54 ./Core/Src/system_stm32f1xx.o
 .comment       0x0000000000000053       0x54 ./Core/Src/timer.o
 .comment       0x0000000000000053       0x54 ./Core/Src/uart.o
 .comment       0x0000000000000053       0x54 ./Drivers/STM32F1xx_HAL_Driver/Src/stm32f1xx_hal.o

.debug_frame    0x0000000000000000      0x67c
 .debug_frame   0x0000000000000000       0x38 ./Core/Src/clock.o
 .debug_frame   0x0000000000000038       0x30 ./Core/Src/main.o
 .debug_frame   0x0000000000000068      0x104 ./Core/Src/stm32f1xx_it.o
 .debug_frame   0x000000000000016c       0x58 ./Core/Src/system_stm32f1xx.o
 .debug_frame   0x00000000000001c4       0x88 ./Core/Src/timer.o
 .debug_frame   0x000000000000024c       0xd0 ./Core/Src/uart.o
 .debug_frame   0x000000000000031c      0x334 ./Drivers/STM32F1xx_HAL_Driver/Src/stm32f1xx_hal.o
 .debug_frame   0x0000000000000650       0x2c d:/program files/st/stm32cubeide_1.7.0/stm32cubeide/plugins/com.st.stm32cube.ide.mcu.externaltools.gnu-tools-for-stm32.9-2020-q2-update.win32_2.0.0.202105311346/tools/bin/../lib/gcc/arm-none-eabi/9.3.1/../../../../arm-none-eabi/lib/thumb/v7-m/nofp\libc_nano.a(lib_a-init.o)
